Reusing configuration cache.
> Task :app:preBuild UP-TO-DATE
> Task :app:preDebugBuild UP-TO-DATE
> Task :app:processDebugGoogleServices UP-TO-DATE
> Task :app:generateDebugResources UP-TO-DATE
> Task :app:processDebugNavigationResources UP-TO-DATE
> Task :app:packageDebugResources UP-TO-DATE
> Task :app:parseDebugLocalResources UP-TO-DATE
> Task :app:kspDebugKotlin UP-TO-DATE
> Task :app:generateDebugRFile UP-TO-DATE

> Task :app:compileDebugKotlin FAILED
.\gradlew.bat : e: file:///C:/Users/09sau/AndroidStudioProjects/OneCornerSystem/app/src/main/java/com/saurabh/onecornersystem/data/repository/AnalyticsRepositoryImpl.kt:11:47 Unresolved reference 
'CustomerMetrics'.
At line:1 char:58
+ ... rnerSystem; .\gradlew.bat compileDebugKotlin 2>&1 > build_errors.txt; ...
+                 ~~~~~~~~~~~~~~~~~~~~~~~~~~~~~~~~~~~~~~~~~~~~~~~~~~~~~~~~
    + CategoryInfo          : NotSpecified: (e: file:///C:/U...stomerMetrics'.:String) [], RemoteException
    + FullyQualifiedErrorId : NativeCommandError
 
e: file:///C:/Users/09sau/AndroidStudioProjects/OneCornerSystem/app/src/main/java/com/saurabh/onecornersystem/data/repository/AnalyticsRepositoryImpl.kt:12:47 Unresolved reference 'CategoryStat'.
e: file:///C:/Users/09sau/AndroidStudioProjects/OneCornerSystem/app/src/main/java/com/saurabh/onecornersystem/data/repository/AnalyticsRepositoryImpl.kt:13:47 Unresolved reference 'CustomReport'.
e: file:///C:/Users/09sau/AndroidStudioProjects/OneCornerSystem/app/src/main/java/com/saurabh/onecornersystem/data/repository/AnalyticsRepositoryImpl.kt:65:77 None of the following candidates is 
applicable:

constructor(date: Date): Timestamp:
  Argument type mismatch: actual type is 'Long', but 'Date' was expected.

constructor(time: Instant): Timestamp:
  Argument type mismatch: actual type is 'Long', but 'Instant' was expected.
e: file:///C:/Users/09sau/AndroidStudioProjects/OneCornerSystem/app/src/main/java/com/saurabh/onecornersystem/data/repository/AnalyticsRepositoryImpl.kt:122:77 None of the following candidates is 
applicable:

constructor(date: Date): Timestamp:
  Argument type mismatch: actual type is 'Long', but 'Date' was expected.

constructor(time: Instant): Timestamp:
  Argument type mismatch: actual type is 'Long', but 'Instant' was expected.

FAILURE: Build failed with an exception.

* What went wrong:
Execution failed for task ':app:compileDebugKotlin'.
> A failure occurred while executing org.jetbrains.kotlin.compilerRunner.GradleCompilerRunnerWithWorkers$GradleKotlinCompilerWorkAction
   > Compilation error. See log for more details

* Try:
> Run with --stacktrace option to get the stack trace.
> Run with --info or --debug option to get more log output.
> Run with --scan to generate a Build Scan (powered by Develocity).
> Get more help at https://help.gradle.org.

BUILD FAILED in 1s
8 actionable tasks: 1 executed, 7 up-to-date
Configuration cache entry reused.
