Initialized native services in: C:\Users\09sau\.gradle\native
Initialized jansi services in: C:\Users\09sau\.gradle\native
The client will now receive all logging from the daemon (pid: 15884). The daemon log file: C:\Users\09sau\.gradle\daemon\9.2.1\daemon-15884.out.log
Starting 8th build in daemon [uptime: 6 mins 7.761 secs, performance: 99%, GC rate: 0.00/s, heap usage: 0% of 4 GiB]
Using 12 worker leases.
Operational build model parameters: {requiresToolingModels=false, parallelProjectExecution=true, configureOnDemand=false, configurationCache=true, configurationCacheParallelStore=false, configurationCacheParallelLoad=true, isolatedProjects=false, parallelProjectConfiguration=false, intermediateModelCache=false, parallelToolingApiActions=true, invalidateCoupledProjects=false, modelAsProjectDependency=false, resilientModelBuilding=false}
Encryption key source: default Gradle keystore (pkcs12)
Now considering [C:\Users\09sau\AndroidStudioProjects\OneCornerSystem] as hierarchies to watch
Reusing configuration cache.
Now considering [C:\Users\09sau\AndroidStudioProjects\OneCornerSystem] as hierarchies to watch
Watching the file system is configured to be enabled if available
File system watching is active
Using local directory build cache for the root build (location = C:\Users\09sau\.gradle\caches\build-cache-1, remove unused entries = after 7 days).
Tasks to be executed: [task ':app:checkKotlinGradlePluginConfigurationErrors', task ':app:preBuild', task ':app:preDebugBuild', task ':app:checkDebugAarMetadata', task ':app:generateDebugResValues', task ':app:processDebugGoogleServices', task ':app:mapDebugSourceSetPaths', task ':app:generateDebugResources', task ':app:mergeDebugResources', task ':app:packageDebugResources', task ':app:parseDebugLocalResources', task ':app:createDebugCompatibleScreenManifests', task ':app:extractDeepLinksDebug', task ':app:processDebugMainManifest', task ':app:processDebugManifest', task ':app:processDebugManifestForPackage', task ':app:processDebugResources', task ':app:kspDebugKotlin', task ':app:compileDebugKotlin']
Tasks that were excluded: []
Resolve mutations for :app:checkKotlinGradlePluginConfigurationErrors (Thread[#753,Execution worker,5,main]) started.
Resolve mutations for :app:processDebugGoogleServices (Thread[#755,Execution worker Thread 3,5,main]) started.
Resolve mutations for :app:preBuild (Thread[#754,Execution worker Thread 2,5,main]) started.
:app:preBuild (Thread[#754,Execution worker Thread 2,5,main]) started.
:app:checkKotlinGradlePluginConfigurationErrors (Thread[#755,Execution worker Thread 3,5,main]) started.
:app:processDebugGoogleServices (Thread[#752,included builds,5,main]) started.

> Task :app:checkKotlinGradlePluginConfigurationErrors SKIPPED
Skipping task ':app:checkKotlinGradlePluginConfigurationErrors' as task onlyIf 'errorDiagnostics are present' is false.

> Task :app:preBuild UP-TO-DATE
Skipping task ':app:preBuild' as it has no actions.
Build 8cbda5ff-0b40-4d94-9e48-0aefad81cce8 is started
Resolve mutations for :app:preDebugBuild (Thread[#754,Execution worker Thread 2,5,main]) started.
:app:preDebugBuild (Thread[#754,Execution worker Thread 2,5,main]) started.

> Task :app:preDebugBuild UP-TO-DATE
Skipping task ':app:preDebugBuild' as it has no actions.
Resolve mutations for :app:checkDebugAarMetadata (Thread[#754,Execution worker Thread 2,5,main]) started.
Resolve mutations for :app:generateDebugResValues (Thread[#763,Execution worker Thread 11,5,main]) started.
Resolve mutations for :app:createDebugCompatibleScreenManifests (Thread[#755,Execution worker Thread 3,5,main]) started.
:app:generateDebugResValues (Thread[#763,Execution worker Thread 11,5,main]) started.

> Task :app:processDebugGoogleServices UP-TO-DATE
Build cache key for task ':app:processDebugGoogleServices' is efa2b5e1197571cbb4f9b7dd50ed4bba
Skipping task ':app:processDebugGoogleServices' as it is up-to-date.
:app:createDebugCompatibleScreenManifests (Thread[#755,Execution worker Thread 3,5,main]) started.
:app:checkDebugAarMetadata (Thread[#754,Execution worker Thread 2,5,main]) started.

> Task :app:generateDebugResValues UP-TO-DATE
Build cache key for task ':app:generateDebugResValues' is be2d0487c7a93b8d8e215e3bd007f2ed
Skipping task ':app:generateDebugResValues' as it is up-to-date.

> Task :app:createDebugCompatibleScreenManifests UP-TO-DATE
Caching disabled for task ':app:createDebugCompatibleScreenManifests' because:
  Caching has been disabled for the task
Skipping task ':app:createDebugCompatibleScreenManifests' as it is up-to-date.
Resolve mutations for :app:mapDebugSourceSetPaths (Thread[#763,Execution worker Thread 11,5,main]) started.
Resolve mutations for :app:extractDeepLinksDebug (Thread[#753,Execution worker,5,main]) started.
Resolve mutations for :app:generateDebugResources (Thread[#755,Execution worker Thread 3,5,main]) started.
:app:extractDeepLinksDebug (Thread[#753,Execution worker,5,main]) started.
:app:generateDebugResources (Thread[#755,Execution worker Thread 3,5,main]) started.
:app:mapDebugSourceSetPaths (Thread[#763,Execution worker Thread 11,5,main]) started.

> Task :app:extractDeepLinksDebug UP-TO-DATE
Build cache key for task ':app:extractDeepLinksDebug' is c6e410d18f1ce3685da2d088d64940ab
Skipping task ':app:extractDeepLinksDebug' as it is up-to-date.
Resolve mutations for :app:processDebugMainManifest (Thread[#753,Execution worker,5,main]) started.

> Task :app:generateDebugResources UP-TO-DATE
Build cache key for task ':app:generateDebugResources' is c567ca67287184f635c131f6a26bba0c
Skipping task ':app:generateDebugResources' as it is up-to-date.
Resolve mutations for :app:mergeDebugResources (Thread[#755,Execution worker Thread 3,5,main]) started.
Resolve mutations for :app:packageDebugResources (Thread[#757,Execution worker Thread 5,5,main]) started.
:app:processDebugMainManifest (Thread[#753,Execution worker,5,main]) started.
:app:packageDebugResources (Thread[#757,Execution worker Thread 5,5,main]) started.

> Task :app:checkDebugAarMetadata UP-TO-DATE
Caching disabled for task ':app:checkDebugAarMetadata' because:
  Caching has been disabled for the task
Skipping task ':app:checkDebugAarMetadata' as it is up-to-date.
:app:mergeDebugResources (Thread[#755,Execution worker Thread 3,5,main]) started.

> Task :app:mapDebugSourceSetPaths UP-TO-DATE
Caching disabled for task ':app:mapDebugSourceSetPaths' because:
  Caching has been disabled for the task
Skipping task ':app:mapDebugSourceSetPaths' as it is up-to-date.

> Task :app:packageDebugResources UP-TO-DATE
Build cache key for task ':app:packageDebugResources' is 76638f7b9980d236baa2af1c1a9a4866
Skipping task ':app:packageDebugResources' as it is up-to-date.
Resolve mutations for :app:parseDebugLocalResources (Thread[#757,Execution worker Thread 5,5,main]) started.
:app:parseDebugLocalResources (Thread[#757,Execution worker Thread 5,5,main]) started.

> Task :app:mergeDebugResources UP-TO-DATE
Build cache key for task ':app:mergeDebugResources' is a82f35f70dd503bff04232bdd41ac380
Skipping task ':app:mergeDebugResources' as it is up-to-date.

> Task :app:parseDebugLocalResources UP-TO-DATE
Build cache key for task ':app:parseDebugLocalResources' is 2fbedc4cee8e1af11f364a2add1ebd56
Skipping task ':app:parseDebugLocalResources' as it is up-to-date.

> Task :app:processDebugMainManifest UP-TO-DATE
Build cache key for task ':app:processDebugMainManifest' is 0ee5d95e692a30efd28e354517a14353
Skipping task ':app:processDebugMainManifest' as it is up-to-date.
Resolve mutations for :app:processDebugManifest (Thread[#753,Execution worker,5,main]) started.
:app:processDebugManifest (Thread[#753,Execution worker,5,main]) started.

> Task :app:processDebugManifest UP-TO-DATE
Build cache key for task ':app:processDebugManifest' is 909a1c892f317db54c2d05afde504caa
Skipping task ':app:processDebugManifest' as it is up-to-date.
Resolve mutations for :app:processDebugManifestForPackage (Thread[#753,Execution worker,5,main]) started.
:app:processDebugManifestForPackage (Thread[#753,Execution worker,5,main]) started.

> Task :app:processDebugManifestForPackage UP-TO-DATE
Build cache key for task ':app:processDebugManifestForPackage' is 04156651c039a80895459c667a5b9c94
Skipping task ':app:processDebugManifestForPackage' as it is up-to-date.
Resolve mutations for :app:processDebugResources (Thread[#753,Execution worker,5,main]) started.
:app:processDebugResources (Thread[#753,Execution worker,5,main]) started.

> Task :app:processDebugResources UP-TO-DATE
Build cache key for task ':app:processDebugResources' is bad73eadb1a3a373908e7e3f5cc6cd92
Skipping task ':app:processDebugResources' as it is up-to-date.
Resolve mutations for :app:kspDebugKotlin (Thread[#753,Execution worker,5,main]) started.
:app:kspDebugKotlin (Thread[#753,Execution worker,5,main]) started.

> Task :app:kspDebugKotlin UP-TO-DATE
Build cache key for task ':app:kspDebugKotlin' is 7c2d87e7792176356f1a37d6e7e5d9e1
Skipping task ':app:kspDebugKotlin' as it is up-to-date.
Resolve mutations for :app:compileDebugKotlin (Thread[#753,Execution worker,5,main]) started.
:app:compileDebugKotlin (Thread[#753,Execution worker,5,main]) started.

> Task :app:compileDebugKotlin FAILED
Build cache key for task ':app:compileDebugKotlin' is c35ad76a5d0bfcdde0debfd74fb2e05b
Task ':app:compileDebugKotlin' is not up-to-date because:
  Task has failed previously.
The input changes require a full rebuild for incremental task ':app:compileDebugKotlin'.
file or directory 'C:\Users\09sau\AndroidStudioProjects\OneCornerSystem\app\src\debug\kotlin', not found
file or directory 'C:\Users\09sau\AndroidStudioProjects\OneCornerSystem\app\src\debug\java', not found
file or directory 'C:\Users\09sau\AndroidStudioProjects\OneCornerSystem\app\src\debug\kotlin', not found
file or directory 'C:\Users\09sau\AndroidStudioProjects\OneCornerSystem\app\src\debug\kotlin', not found
file or directory 'C:\Users\09sau\AndroidStudioProjects\OneCornerSystem\app\src\debug\java', not found
file or directory 'C:\Users\09sau\AndroidStudioProjects\OneCornerSystem\app\build\generated\ksp\debug\kotlin', not found
file or directory 'C:\Users\09sau\AndroidStudioProjects\OneCornerSystem\app\src\main\kotlin', not found
file or directory 'C:\Users\09sau\AndroidStudioProjects\OneCornerSystem\app\src\main\kotlin', not found
file or directory 'C:\Users\09sau\AndroidStudioProjects\OneCornerSystem\app\src\main\kotlin', not found
file or directory 'C:\Users\09sau\AndroidStudioProjects\OneCornerSystem\app\src\debug\java', not found
file or directory 'C:\Users\09sau\AndroidStudioProjects\OneCornerSystem\app\src\debug\kotlin', not found
file or directory 'C:\Users\09sau\AndroidStudioProjects\OneCornerSystem\app\src\debug\java', not found
file or directory 'C:\Users\09sau\AndroidStudioProjects\OneCornerSystem\app\src\debug\kotlin', not found
file or directory 'C:\Users\09sau\AndroidStudioProjects\OneCornerSystem\app\src\debug\kotlin', not found
file or directory 'C:\Users\09sau\AndroidStudioProjects\OneCornerSystem\app\src\debug\java', not found
file or directory 'C:\Users\09sau\AndroidStudioProjects\OneCornerSystem\app\build\generated\ksp\debug\kotlin', not found
file or directory 'C:\Users\09sau\AndroidStudioProjects\OneCornerSystem\app\src\main\kotlin', not found
file or directory 'C:\Users\09sau\AndroidStudioProjects\OneCornerSystem\app\src\debug\kotlin', not found
file or directory 'C:\Users\09sau\AndroidStudioProjects\OneCornerSystem\app\src\debug\java', not found
file or directory 'C:\Users\09sau\AndroidStudioProjects\OneCornerSystem\app\src\debug\kotlin', not found
file or directory 'C:\Users\09sau\AndroidStudioProjects\OneCornerSystem\app\src\debug\kotlin', not found
file or directory 'C:\Users\09sau\AndroidStudioProjects\OneCornerSystem\app\src\debug\java', not found
file or directory 'C:\Users\09sau\AndroidStudioProjects\OneCornerSystem\app\build\generated\ksp\debug\kotlin', not found
file or directory 'C:\Users\09sau\AndroidStudioProjects\OneCornerSystem\app\src\main\kotlin', not found
file or directory 'C:\Users\09sau\AndroidStudioProjects\OneCornerSystem\app\src\main\kotlin', not found
file or directory 'C:\Users\09sau\AndroidStudioProjects\OneCornerSystem\app\src\main\kotlin', not found
file or directory 'C:\Users\09sau\AndroidStudioProjects\OneCornerSystem\app\src\debug\java', not found
file or directory 'C:\Users\09sau\AndroidStudioProjects\OneCornerSystem\app\src\debug\kotlin', not found
file or directory 'C:\Users\09sau\AndroidStudioProjects\OneCornerSystem\app\src\debug\java', not found
file or directory 'C:\Users\09sau\AndroidStudioProjects\OneCornerSystem\app\src\debug\kotlin', not found
file or directory 'C:\Users\09sau\AndroidStudioProjects\OneCornerSystem\app\src\debug\kotlin', not found
file or directory 'C:\Users\09sau\AndroidStudioProjects\OneCornerSystem\app\src\debug\java', not found
file or directory 'C:\Users\09sau\AndroidStudioProjects\OneCornerSystem\app\build\generated\ksp\debug\kotlin', not found
file or directory 'C:\Users\09sau\AndroidStudioProjects\OneCornerSystem\app\src\main\kotlin', not found
file or directory 'C:\Users\09sau\AndroidStudioProjects\OneCornerSystem\app\src\main\kotlin', not found
file or directory 'C:\Users\09sau\AndroidStudioProjects\OneCornerSystem\app\src\main\kotlin', not found
file or directory 'C:\Users\09sau\AndroidStudioProjects\OneCornerSystem\app\src\debug\java', not found
file or directory 'C:\Users\09sau\AndroidStudioProjects\OneCornerSystem\app\src\debug\kotlin', not found
file or directory 'C:\Users\09sau\AndroidStudioProjects\OneCornerSystem\app\src\debug\java', not found
file or directory 'C:\Users\09sau\AndroidStudioProjects\OneCornerSystem\app\src\debug\kotlin', not found
file or directory 'C:\Users\09sau\AndroidStudioProjects\OneCornerSystem\app\src\debug\kotlin', not found
file or directory 'C:\Users\09sau\AndroidStudioProjects\OneCornerSystem\app\src\debug\java', not found
file or directory 'C:\Users\09sau\AndroidStudioProjects\OneCornerSystem\app\build\generated\ksp\debug\kotlin', not found
file or directory 'C:\Users\09sau\AndroidStudioProjects\OneCornerSystem\app\src\main\kotlin', not found
file or directory 'C:\Users\09sau\AndroidStudioProjects\OneCornerSystem\app\src\main\kotlin', not found
file or directory 'C:\Users\09sau\AndroidStudioProjects\OneCornerSystem\app\src\main\kotlin', not found
file or directory 'C:\Users\09sau\AndroidStudioProjects\OneCornerSystem\app\src\debug\java', not found
Kotlin source files: C:\Users\09sau\AndroidStudioProjects\OneCornerSystem\app\src\main\java\com\saurabh\onecornersystem\data\model\Chat.kt, C:\Users\09sau\AndroidStudioProjects\OneCornerSystem\app\src\main\java\com\saurabh\onecornersystem\data\model\Shop.kt, C:\Users\09sau\AndroidStudioProjects\OneCornerSystem\app\src\main\java\com\saurabh\onecornersystem\data\model\ShopItem.kt, C:\Users\09sau\AndroidStudioProjects\OneCornerSystem\app\src\main\java\com\saurabh\onecornersystem\data\model\User.kt, C:\Users\09sau\AndroidStudioProjects\OneCornerSystem\app\src\main\java\com\saurabh\onecornersystem\data\repository\AuthRepository.kt, C:\Users\09sau\AndroidStudioProjects\OneCornerSystem\app\src\main\java\com\saurabh\onecornersystem\data\repository\ShopRepository.kt, C:\Users\09sau\AndroidStudioProjects\OneCornerSystem\app\src\main\java\com\saurabh\onecornersystem\di\AppModule.kt, C:\Users\09sau\AndroidStudioProjects\OneCornerSystem\app\src\main\java\com\saurabh\onecornersystem\di\RepositoryModule.kt, C:\Users\09sau\AndroidStudioProjects\OneCornerSystem\app\src\main\java\com\saurabh\onecornersystem\di\UseCaseModule.kt, C:\Users\09sau\AndroidStudioProjects\OneCornerSystem\app\src\main\java\com\saurabh\onecornersystem\domain\repository\ShopRepositoryImpl.kt, C:\Users\09sau\AndroidStudioProjects\OneCornerSystem\app\src\main\java\com\saurabh\onecornersystem\domain\usecase\BaseUseCase.kt, C:\Users\09sau\AndroidStudioProjects\OneCornerSystem\app\src\main\java\com\saurabh\onecornersystem\MainActivity.kt, C:\Users\09sau\AndroidStudioProjects\OneCornerSystem\app\src\main\java\com\saurabh\onecornersystem\OneCornerSystem.kt, C:\Users\09sau\AndroidStudioProjects\OneCornerSystem\app\src\main\java\com\saurabh\onecornersystem\presentation\auth\LoginScreen.kt, C:\Users\09sau\AndroidStudioProjects\OneCornerSystem\app\src\main\java\com\saurabh\onecornersystem\presentation\auth\RegisterScreen.kt, C:\Users\09sau\AndroidStudioProjects\OneCornerSystem\app\src\main\java\com\saurabh\onecornersystem\presentation\auth\viewmodel\AuthViewModel.kt, C:\Users\09sau\AndroidStudioProjects\OneCornerSystem\app\src\main\java\com\saurabh\onecornersystem\presentation\common\CommonShopViewModel.kt, C:\Users\09sau\AndroidStudioProjects\OneCornerSystem\app\src\main\java\com\saurabh\onecornersystem\presentation\common\ProfileScreen.kt, C:\Users\09sau\AndroidStudioProjects\OneCornerSystem\app\src\main\java\com\saurabh\onecornersystem\presentation\customer\CustomerHomeScreen.kt, C:\Users\09sau\AndroidStudioProjects\OneCornerSystem\app\src\main\java\com\saurabh\onecornersystem\presentation\customer\viewmodel\CustomerShopViewModel.kt, C:\Users\09sau\AndroidStudioProjects\OneCornerSystem\app\src\main\java\com\saurabh\onecornersystem\presentation\navigation\NavGraph.kt, C:\Users\09sau\AndroidStudioProjects\OneCornerSystem\app\src\main\java\com\saurabh\onecornersystem\presentation\shopowner\ShopOwnerHomeScreen.kt, C:\Users\09sau\AndroidStudioProjects\OneCornerSystem\app\src\main\java\com\saurabh\onecornersystem\presentation\shopowner\viewmodel\ShopViewModel.kt, C:\Users\09sau\AndroidStudioProjects\OneCornerSystem\app\src\main\java\com\saurabh\onecornersystem\presentation\state\ShopState.kt, C:\Users\09sau\AndroidStudioProjects\OneCornerSystem\app\src\main\java\com\saurabh\onecornersystem\ui\theme\Color.kt, C:\Users\09sau\AndroidStudioProjects\OneCornerSystem\app\src\main\java\com\saurabh\onecornersystem\ui\theme\Theme.kt, C:\Users\09sau\AndroidStudioProjects\OneCornerSystem\app\src\main\java\com\saurabh\onecornersystem\ui\theme\Type.kt, C:\Users\09sau\AndroidStudioProjects\OneCornerSystem\app\src\main\java\com\saurabh\onecornersystem\utils\ImageUtils.kt, C:\Users\09sau\AndroidStudioProjects\OneCornerSystem\app\src\main\java\com\saurabh\onecornersystem\utils\LocationUtils.kt, C:\Users\09sau\AndroidStudioProjects\OneCornerSystem\app\src\main\java\com\saurabh\onecornersystem\utils\Resource.kt
Java source files: C:\Users\09sau\AndroidStudioProjects\OneCornerSystem\app\build\generated\ksp\debug\java\com\saurabh\onecornersystem\data\repository\AuthRepository_Factory.java, C:\Users\09sau\AndroidStudioProjects\OneCornerSystem\app\build\generated\ksp\debug\java\com\saurabh\onecornersystem\di\AppModule_ProvideAuthRepositoryFactory.java, C:\Users\09sau\AndroidStudioProjects\OneCornerSystem\app\build\generated\ksp\debug\java\com\saurabh\onecornersystem\di\AppModule_ProvideFirebaseAuthFactory.java, C:\Users\09sau\AndroidStudioProjects\OneCornerSystem\app\build\generated\ksp\debug\java\com\saurabh\onecornersystem\di\AppModule_ProvideFirestoreFactory.java, C:\Users\09sau\AndroidStudioProjects\OneCornerSystem\app\build\generated\ksp\debug\java\com\saurabh\onecornersystem\di\RepositoryModule_ProvideShopRepositoryFactory.java, C:\Users\09sau\AndroidStudioProjects\OneCornerSystem\app\build\generated\ksp\debug\java\com\saurabh\onecornersystem\domain\repository\ShopRepositoryImpl_Factory.java, C:\Users\09sau\AndroidStudioProjects\OneCornerSystem\app\build\generated\ksp\debug\java\com\saurabh\onecornersystem\Hilt_MainActivity.java, C:\Users\09sau\AndroidStudioProjects\OneCornerSystem\app\build\generated\ksp\debug\java\com\saurabh\onecornersystem\MainActivity_GeneratedInjector.java, C:\Users\09sau\AndroidStudioProjects\OneCornerSystem\app\build\generated\ksp\debug\java\com\saurabh\onecornersystem\OneCornerSystem_GeneratedInjector.java, C:\Users\09sau\AndroidStudioProjects\OneCornerSystem\app\build\generated\ksp\debug\java\com\saurabh\onecornersystem\presentation\auth\viewmodel\AuthViewModel_Factory.java, C:\Users\09sau\AndroidStudioProjects\OneCornerSystem\app\build\generated\ksp\debug\java\com\saurabh\onecornersystem\presentation\auth\viewmodel\AuthViewModel_HiltModules.java, C:\Users\09sau\AndroidStudioProjects\OneCornerSystem\app\build\generated\ksp\debug\java\com\saurabh\onecornersystem\presentation\auth\viewmodel\AuthViewModel_HiltModules_BindsModule_Binds_LazyMapKey.java, C:\Users\09sau\AndroidStudioProjects\OneCornerSystem\app\build\generated\ksp\debug\java\com\saurabh\onecornersystem\presentation\auth\viewmodel\AuthViewModel_HiltModules_KeyModule_ProvideFactory.java, C:\Users\09sau\AndroidStudioProjects\OneCornerSystem\app\build\generated\ksp\debug\java\com\saurabh\onecornersystem\presentation\auth\viewmodel\AuthViewModel_HiltModules_KeyModule_Provide_LazyMapKey.java, C:\Users\09sau\AndroidStudioProjects\OneCornerSystem\app\build\generated\ksp\debug\java\com\saurabh\onecornersystem\presentation\common\CommonShopViewModel_Factory.java, C:\Users\09sau\AndroidStudioProjects\OneCornerSystem\app\build\generated\ksp\debug\java\com\saurabh\onecornersystem\presentation\common\CommonShopViewModel_HiltModules.java, C:\Users\09sau\AndroidStudioProjects\OneCornerSystem\app\build\generated\ksp\debug\java\com\saurabh\onecornersystem\presentation\common\CommonShopViewModel_HiltModules_BindsModule_Binds_LazyMapKey.java, C:\Users\09sau\AndroidStudioProjects\OneCornerSystem\app\build\generated\ksp\debug\java\com\saurabh\onecornersystem\presentation\common\CommonShopViewModel_HiltModules_KeyModule_ProvideFactory.java, C:\Users\09sau\AndroidStudioProjects\OneCornerSystem\app\build\generated\ksp\debug\java\com\saurabh\onecornersystem\presentation\common\CommonShopViewModel_HiltModules_KeyModule_Provide_LazyMapKey.java, C:\Users\09sau\AndroidStudioProjects\OneCornerSystem\app\build\generated\ksp\debug\java\com\saurabh\onecornersystem\presentation\customer\viewmodel\CustomerShopViewModel_Factory.java, C:\Users\09sau\AndroidStudioProjects\OneCornerSystem\app\build\generated\ksp\debug\java\com\saurabh\onecornersystem\presentation\customer\viewmodel\CustomerShopViewModel_HiltModules.java, C:\Users\09sau\AndroidStudioProjects\OneCornerSystem\app\build\generated\ksp\debug\java\com\saurabh\onecornersystem\presentation\customer\viewmodel\CustomerShopViewModel_HiltModules_BindsModule_Binds_LazyMapKey.java, C:\Users\09sau\AndroidStudioProjects\OneCornerSystem\app\build\generated\ksp\debug\java\com\saurabh\onecornersystem\presentation\customer\viewmodel\CustomerShopViewModel_HiltModules_KeyModule_ProvideFactory.java, C:\Users\09sau\AndroidStudioProjects\OneCornerSystem\app\build\generated\ksp\debug\java\com\saurabh\onecornersystem\presentation\customer\viewmodel\CustomerShopViewModel_HiltModules_KeyModule_Provide_LazyMapKey.java, C:\Users\09sau\AndroidStudioProjects\OneCornerSystem\app\build\generated\ksp\debug\java\com\saurabh\onecornersystem\presentation\shopowner\viewmodel\ShopViewModel_Factory.java, C:\Users\09sau\AndroidStudioProjects\OneCornerSystem\app\build\generated\ksp\debug\java\com\saurabh\onecornersystem\presentation\shopowner\viewmodel\ShopViewModel_HiltModules.java, C:\Users\09sau\AndroidStudioProjects\OneCornerSystem\app\build\generated\ksp\debug\java\com\saurabh\onecornersystem\presentation\shopowner\viewmodel\ShopViewModel_HiltModules_BindsModule_Binds_LazyMapKey.java, C:\Users\09sau\AndroidStudioProjects\OneCornerSystem\app\build\generated\ksp\debug\java\com\saurabh\onecornersystem\presentation\shopowner\viewmodel\ShopViewModel_HiltModules_KeyModule_ProvideFactory.java, C:\Users\09sau\AndroidStudioProjects\OneCornerSystem\app\build\generated\ksp\debug\java\com\saurabh\onecornersystem\presentation\shopowner\viewmodel\ShopViewModel_HiltModules_KeyModule_Provide_LazyMapKey.java, C:\Users\09sau\AndroidStudioProjects\OneCornerSystem\app\build\generated\ksp\debug\java\dagger\hilt\internal\aggregatedroot\codegen\_com_saurabh_onecornersystem_OneCornerSystem.java, C:\Users\09sau\AndroidStudioProjects\OneCornerSystem\app\build\generated\ksp\debug\java\hilt_aggregated_deps\_com_saurabh_onecornersystem_di_AppModule.java, C:\Users\09sau\AndroidStudioProjects\OneCornerSystem\app\build\generated\ksp\debug\java\hilt_aggregated_deps\_com_saurabh_onecornersystem_di_RepositoryModule.java, C:\Users\09sau\AndroidStudioProjects\OneCornerSystem\app\build\generated\ksp\debug\java\hilt_aggregated_deps\_com_saurabh_onecornersystem_MainActivity_GeneratedInjector.java, C:\Users\09sau\AndroidStudioProjects\OneCornerSystem\app\build\generated\ksp\debug\java\hilt_aggregated_deps\_com_saurabh_onecornersystem_OneCornerSystem_GeneratedInjector.java, C:\Users\09sau\AndroidStudioProjects\OneCornerSystem\app\build\generated\ksp\debug\java\hilt_aggregated_deps\_com_saurabh_onecornersystem_presentation_auth_viewmodel_AuthViewModel_HiltModules_BindsModule.java, C:\Users\09sau\AndroidStudioProjects\OneCornerSystem\app\build\generated\ksp\debug\java\hilt_aggregated_deps\_com_saurabh_onecornersystem_presentation_auth_viewmodel_AuthViewModel_HiltModules_KeyModule.java, C:\Users\09sau\AndroidStudioProjects\OneCornerSystem\app\build\generated\ksp\debug\java\hilt_aggregated_deps\_com_saurabh_onecornersystem_presentation_common_CommonShopViewModel_HiltModules_BindsModule.java, C:\Users\09sau\AndroidStudioProjects\OneCornerSystem\app\build\generated\ksp\debug\java\hilt_aggregated_deps\_com_saurabh_onecornersystem_presentation_common_CommonShopViewModel_HiltModules_KeyModule.java, C:\Users\09sau\AndroidStudioProjects\OneCornerSystem\app\build\generated\ksp\debug\java\hilt_aggregated_deps\_com_saurabh_onecornersystem_presentation_customer_viewmodel_CustomerShopViewModel_HiltModules_BindsModule.java, C:\Users\09sau\AndroidStudioProjects\OneCornerSystem\app\build\generated\ksp\debug\java\hilt_aggregated_deps\_com_saurabh_onecornersystem_presentation_customer_viewmodel_CustomerShopViewModel_HiltModules_KeyModule.java, C:\Users\09sau\AndroidStudioProjects\OneCornerSystem\app\build\generated\ksp\debug\java\hilt_aggregated_deps\_com_saurabh_onecornersystem_presentation_shopowner_viewmodel_ShopViewModel_HiltModules_BindsModule.java, C:\Users\09sau\AndroidStudioProjects\OneCornerSystem\app\build\generated\ksp\debug\java\hilt_aggregated_deps\_com_saurabh_onecornersystem_presentation_shopowner_viewmodel_ShopViewModel_HiltModules_KeyModule.java
Script source files: 
Script file extensions: 
Using Kotlin/JVM incremental compilation
[KOTLIN] Kotlin compilation 'jdkHome' argument: null
Options for KOTLIN DAEMON: IncrementalCompilationOptions(super=CompilationOptions(compilerMode=INCREMENTAL_COMPILER, targetPlatform=JVM, reportCategories=[0, 3], reportSeverity=2, requestedCompilationResults=[0], kotlinScriptExtensions=[]), sourceChanges=org.jetbrains.kotlin.buildtools.api.SourcesChanges$Unknown@1cbe77b8, classpathChanges=NotAvailableForNonIncrementalRun, workingDir=C:\Users\09sau\AndroidStudioProjects\OneCornerSystem\app\build\kotlin\compileDebugKotlin\cacheable, multiModuleICSettings=MultiModuleICSettings(buildHistoryFile=C:\Users\09sau\AndroidStudioProjects\OneCornerSystem\app\build\kotlin\compileDebugKotlin\local-state\build-history.bin, useModuleDetection=true), usePreciseJavaTracking=true, icFeatures=IncrementalCompilationFeatures(withAbiSnapshot=false, preciseCompilationResultsBackup=true, keepIncrementalCompilationCachesInMemory=true, enableUnsafeIncrementalCompilationForMultiplatform=false, enableMonotonousIncrementalCompileSetExpansion=true), outputFiles=[C:\Users\09sau\AndroidStudioProjects\OneCornerSystem\app\build\tmp\kotlin-classes\debug, C:\Users\09sau\AndroidStudioProjects\OneCornerSystem\app\build\kotlin\compileDebugKotlin\cacheable, C:\Users\09sau\AndroidStudioProjects\OneCornerSystem\app\build\kotlin\compileDebugKotlin\local-state])
.\gradlew : e: file:///C:/Users/09sau/AndroidStudioProjects/OneCornerSystem/app/src/main/java/com/saurabh/onecornersystem/di/RepositoryModule.kt:5:52 Unresolved reference 'InventoryRepository'.
At line:1 char:58
+ ... rnerSystem; .\gradlew compileDebugKotlin --info 2>&1 > build_output.t ...
+                 ~~~~~~~~~~~~~~~~~~~~~~~~~~~~~~~~~~~~~~~~~~~~~~~~~~~~~~~~~
    + CategoryInfo          : NotSpecified: (e: file:///C:/U...oryRepository'.:String) [], RemoteException
    + FullyQualifiedErrorId : NativeCommandError
 
Finished executing kotlin compiler using DAEMON strategy
Build 8cbda5ff-0b40-4d94-9e48-0aefad81cce8 is closed

FAILURE: Build failed with an exception.

* What went wrong:
Execution failed for task ':app:compileDebugKotlin'.
> A failure occurred while executing org.jetbrains.kotlin.compilerRunner.GradleCompilerRunnerWithWorkers$GradleKotlinCompilerWorkAction
   > Compilation error. See log for more details

* Try:
> Run with --stacktrace option to get the stack trace.
16 actionable tasks: 1 executed, 15 up-to-date
> Run with --debug option to get more log output.
> Run with --scan to generate a Build Scan (powered by Develocity).
> Get more help at https://help.gradle.org.

BUILD FAILED in 2s
Watched directory hierarchies: [C:\Users\09sau\AndroidStudioProjects\OneCornerSystem]
Configuration cache entry reused.
